// Jest Snapshot v1, https://goo.gl/fbAQLP

exports[`Article component renders Article 1`] = `
<DocumentFragment>
  <h3>
    calvin
  </h3>
  <cite>
    By: and
  </cite>
  <p>
    Description: hobbs
  </p>
</DocumentFragment>
`;
